58 
   0.666099310    
 for 0 - 3 
58 
   0.388030827    
 for 1 - 4 
Hier 1 58
Hier 2 58
Hier 3 58
Hier 4 58
Straight found: 1 - 4 
58 
   0.741992712    
 for 1 - 5 
Straight found: 1 - 5 
58 
   0.376790732    
 for 5 - 8 
Hier 5 58
Hier 6 58
Hier 7 58
Hier 8 58
Straight found: 5 - 8 
58 
   0.338054568    
 for 5 - 9 
Hier 5 58
Hier 6 58
Hier 7 58
Hier 8 58
Hier 9 58
Straight found: 5 - 9 
58 
   0.343734294    
 for 5 - 10 
Hier 5 58
Hier 6 58
Hier 7 58
Hier 8 58
Hier 9 58
Hier 10 58
Straight found: 5 - 10 
58 
   0.390397102    
 for 5 - 11 
Hier 5 58
Hier 6 58
Hier 7 58
Hier 8 58
Hier 9 58
Hier 10 58
Hier 11 58
Straight found: 5 - 11 
58 
   0.466749966    
 for 5 - 12 
Hier 5 58
Hier 6 58
Hier 7 58
Hier 8 58
Hier 9 58
Hier 10 58
Hier 11 58
Hier 12 58
Straight found: 5 - 12 
58 
   0.722652018    
 for 5 - 13 
Straight found: 5 - 13 
58 
   0.230716661    
 for 13 - 16 
Hier 13 58
Hier 14 58
Hier 15 58
Hier 16 58
Straight found: 13 - 16 
58 
   0.244456440    
 for 13 - 17 
Hier 13 58
Hier 14 58
Hier 15 58
Hier 16 58
Hier 17 58
Straight found: 13 - 17 
58 
   0.275481552    
 for 13 - 18 
Hier 13 58
Hier 14 58
Hier 15 58
Hier 16 58
Hier 17 58
Hier 18 58
Straight found: 13 - 18 
58 
   0.264172286    
 for 13 - 19 
Hier 13 58
Hier 14 58
Hier 15 58
Hier 16 58
Hier 17 58
Hier 18 58
Hier 19 58
Straight found: 13 - 19 
58 
   0.527225018    
 for 13 - 20 
Straight found: 13 - 20 
58 
   0.616700292    
 for 20 - 23 
58 
   0.431924224    
 for 21 - 24 
Hier 21 58
Hier 22 58
Hier 23 58
Hier 24 58
Straight found: 21 - 24 
58 
   0.416298240    
 for 21 - 25 
Hier 21 58
Hier 22 58
Hier 23 58
Hier 24 58
Hier 25 58
Straight found: 21 - 25 
58 
   0.552703202    
 for 21 - 26 
Straight found: 21 - 26 
58 
   0.597324312    
 for 26 - 29 
58 
   0.640710533    
 for 27 - 30 
58 
   0.426989168    
 for 28 - 31 
Hier 28 58
Hier 29 58
Hier 30 58
Hier 31 58
Straight found: 28 - 31 
58 
   0.442610651    
 for 28 - 32 
Hier 28 58
Hier 29 58
Hier 30 58
Hier 31 58
Hier 32 58
Straight found: 28 - 32 
58 
   0.823154926    
 for 28 - 33 
Straight found: 28 - 33 
58 
   0.255605876    
 for 33 - 36 
Hier 33 58
Hier 34 58
Hier 35 58
Hier 36 58
Straight found: 33 - 36 
58 
   0.270043880    
 for 33 - 37 
Hier 33 58
Hier 34 58
Hier 35 58
Hier 36 58
Hier 37 58
Straight found: 33 - 37 
58 
   0.256562620    
 for 33 - 38 
Hier 33 58
Hier 34 58
Hier 35 58
Hier 36 58
Hier 37 58
Hier 38 58
Straight found: 33 - 38 
58 
   0.246886849    
 for 33 - 39 
Hier 33 58
Hier 34 58
Hier 35 58
Hier 36 58
Hier 37 58
Hier 38 58
Hier 39 58
Straight found: 33 - 39 
58 
   0.249783903    
 for 33 - 40 
Hier 33 58
Hier 34 58
Hier 35 58
Hier 36 58
Hier 37 58
Hier 38 58
Hier 39 58
Hier 40 58
Straight found: 33 - 40 
58 
   0.250672817    
 for 33 - 41 
Hier 33 58
Hier 34 58
Hier 35 58
Hier 36 58
Hier 37 58
Hier 38 58
Hier 39 58
Hier 40 58
Hier 41 58
Straight found: 33 - 41 
58 
   0.288113892    
 for 33 - 42 
Hier 33 58
Hier 34 58
Hier 35 58
Hier 36 58
Hier 37 58
Hier 38 58
Hier 39 58
Hier 40 58
Hier 41 58
Hier 42 58
Straight found: 33 - 42 
58 
   0.313457251    
 for 33 - 43 
Hier 33 58
Hier 34 58
Hier 35 58
Hier 36 58
Hier 37 58
Hier 38 58
Hier 39 58
Hier 40 58
Hier 41 58
Hier 42 58
Hier 43 58
Straight found: 33 - 43 
58 
   0.325130284    
 for 33 - 44 
Hier 33 58
Hier 34 58
Hier 35 58
Hier 36 58
Hier 37 58
Hier 38 58
Hier 39 58
Hier 40 58
Hier 41 58
Hier 42 58
Hier 43 58
Hier 44 58
Straight found: 33 - 44 
58 
   0.341358602    
 for 33 - 45 
Hier 33 58
Hier 34 58
Hier 35 58
Hier 36 58
Hier 37 58
Hier 38 58
Hier 39 58
Hier 40 58
Hier 41 58
Hier 42 58
Hier 43 58
Hier 44 58
Hier 45 58
Straight found: 33 - 45 
58 
   0.352461517    
 for 33 - 46 
Hier 33 58
Hier 34 58
Hier 35 58
Hier 36 58
Hier 37 58
Hier 38 58
Hier 39 58
Hier 40 58
Hier 41 58
Hier 42 58
Hier 43 58
Hier 44 58
Hier 45 58
Hier 46 58
Straight found: 33 - 46 
58 
   0.391928107    
 for 33 - 47 
Hier 33 58
Hier 34 58
Hier 35 58
Hier 36 58
Hier 37 58
Hier 38 58
Hier 39 58
Hier 40 58
Hier 41 58
Hier 42 58
Hier 43 58
Hier 44 58
Hier 45 58
Hier 46 58
Hier 47 58
Straight found: 33 - 47 
58 
   0.511053979    
 for 33 - 48 
Straight found: 33 - 48 
58 
   0.422290504    
 for 48 - 51 
Hier 48 58
Hier 49 58
Hier 50 58
Hier 51 58
Straight found: 48 - 51 
58 
   0.403808028    
 for 48 - 52 
Hier 48 58
Hier 49 58
Hier 50 58
Hier 51 58
Hier 52 58
Straight found: 48 - 52 
58 
    1.00664628    
 for 48 - 53 
Straight found: 48 - 53 
58 
    1.77427447    
 for 53 - 56 
58 
    1.31264365    
 for 54 - 57 
1	1
SUM 1
2	1
SUM 2
3	1
SUM 3
4	1
SUM 4
5	2
SUM 5
6	2
SUM 6
7	2
SUM 7
8	2
SUM 8
9	2
SUM 9
10	2
SUM 10
11	2
SUM 11
12	2
SUM 12
13	3
SUM 13
14	3
SUM 14
15	3
SUM 15
16	3
SUM 16
17	3
SUM 17
18	3
SUM 18
19	3
SUM 19
21	4
SUM 21
22	4
SUM 22
23	4
SUM 23
24	4
SUM 24
25	4
SUM 25
28	5
SUM 28
29	5
SUM 29
30	5
SUM 30
31	5
SUM 31
32	5
SUM 32
33	6
SUM 33
34	6
SUM 34
35	6
SUM 35
36	6
SUM 36
37	6
SUM 37
38	6
SUM 38
39	6
SUM 39
40	6
SUM 40
41	6
SUM 41
42	6
SUM 42
43	6
SUM 43
44	6
SUM 44
45	6
SUM 45
46	6
SUM 46
47	6
SUM 47
48	7
SUM 48
49	7
SUM 49
50	7
SUM 50
51	7
SUM 51
52	7
SUM 52
