THR = 2.000000
PDB LENGTH = 366
Length = 366

Reading PDB file...

Allocating memory for 3D data...

PDB information stored: 366 atoms
MINY = -30.632000 MINZ = -33.310001

NACCESS information stored
...finished
Re-opening PDB file...
Opening output file...
366
Distance Threshold is set to:   5.681 +   6.000 !
Nr.      43 is marked as the closest CA!
  41 Hits were found! 0
0.000000 0.000000 to 0.000000 0.000000 0
Improved center of mass at: 0.000 -1.070 0.268
Hits: 41 0 Before
Hits: 41 41 Between
Hits: 41 41 After
0.000000 0.000000 to -1.070488 0.268415
Runs since last change: 0
366
Distance Threshold is set to:   6.701 +   6.000 !
Nr.      43 is marked as the closest CA!
  49 Hits were found! 1
-1.070488 0.268415 to 0.000000 0.000000 0
Improved center of mass at: 0.000 -1.988 0.484
Hits: 49 41 Before
Hits: 49 49 Between
Distance Threshold was raised to 7.000
Hits: 49 0 After
-1.070388 0.268515 to -1.070488 0.268415
Runs since last change: 0
366
Distance Threshold is set to:   6.701 +   7.000 !
Nr.      43 is marked as the closest CA!
  64 Hits were found! 0
-1.070488 0.268415 to 0.000000 0.000000 0
Improved center of mass at: 0.000 -1.242 0.986
Hits: 64 0 Before
Hits: 64 64 Between
Hits: 64 64 After
-1.070488 0.268415 to -1.241547 0.986078
Runs since last change: 0
366
Distance Threshold is set to:   6.419 +   6.000 !
Nr.     284 is marked as the closest CA!
  50 Hits were found! 1
-1.241547 0.986078 to 0.000000 0.000000 0
Improved center of mass at: 0.000 -2.397 1.546
Hits: 50 64 Before
Hits: 50 64 Between
Distance Threshold was raised to 7.000
Hits: 50 0 After
-1.241447 0.986178 to -1.241547 0.986078
Runs since last change: 0
366
Distance Threshold is set to:   6.419 +   7.000 !
Nr.     284 is marked as the closest CA!
  62 Hits were found! 0
-1.241547 0.986078 to 0.000000 0.000000 0
Improved center of mass at: 0.000 -2.009 1.877
Hits: 62 0 Before
Hits: 62 62 Between
Distance Threshold was raised to 8.000
Hits: 62 0 After
-1.241447 0.986178 to -1.241547 0.986078
Runs since last change: 0
366
Distance Threshold is set to:   6.419 +   8.000 !
Nr.     284 is marked as the closest CA!
  74 Hits were found! -1
-1.241547 0.986078 to 0.000000 0.000000 0
Improved center of mass at: 0.000 -1.912 2.077
Hits: 74 0 Before
Hits: 74 74 Between
Distance Threshold was raised to 9.000
Hits: 74 0 After
-1.241447 0.986178 to -1.241547 0.986078
Runs since last change: 0
366
Distance Threshold is set to:   6.419 +   9.000 !
Nr.     284 is marked as the closest CA!
  82 Hits were found! -2
-1.241547 0.986078 to 0.000000 0.000000 0
Improved center of mass at: 0.000 -1.350 1.548
Hits: 82 0 Before
Hits: 82 82 Between
Distance Threshold was raised to 10.000
Hits: 82 0 After
-1.241447 0.986178 to -1.241547 0.986078
Runs since last change: 0
366
Distance Threshold is set to:   6.419 +  10.000 !
Nr.     284 is marked as the closest CA!
  91 Hits were found! -3
-1.241547 0.986078 to 0.000000 0.000000 0
Improved center of mass at: 0.000 -1.182 1.162
Hits: 91 0 Before
Hits: 91 91 Between
Hits: 91 91 After
-1.241547 0.986078 to -1.182000 1.162022
Runs since last change: 0
366
Distance Threshold is set to:   6.341 +   6.000 !
Nr.     284 is marked as the closest CA!
  47 Hits were found! -2
-1.182000 1.162022 to 0.000000 0.000000 0
Improved center of mass at: 0.000 -3.030 1.916
Hits: 47 91 Before
Hits: 47 91 Between
Distance Threshold was raised to 7.000
Hits: 47 0 After
-1.181900 1.162122 to -1.182000 1.162022
Runs since last change: 0
366
Distance Threshold is set to:   6.341 +   7.000 !
Nr.     284 is marked as the closest CA!
  58 Hits were found! -3
-1.182000 1.162022 to 0.000000 0.000000 0
Improved center of mass at: 0.000 -2.247 2.458
Hits: 58 0 Before
Hits: 58 58 Between
Distance Threshold was raised to 8.000
Hits: 58 0 After
-1.181900 1.162122 to -1.182000 1.162022
Runs since last change: 0
366
Distance Threshold is set to:   6.341 +   8.000 !
Nr.     284 is marked as the closest CA!
  73 Hits were found! -4
-1.182000 1.162022 to 0.000000 0.000000 0
Improved center of mass at: 0.000 -2.021 2.091
Hits: 73 0 Before
Hits: 73 73 Between
Distance Threshold was raised to 9.000
Hits: 73 0 After
-1.181900 1.162122 to -1.182000 1.162022
Runs since last change: 0
366
Distance Threshold is set to:   6.341 +   9.000 !
Nr.     284 is marked as the closest CA!
  80 Hits were found! -5
-1.182000 1.162022 to 0.000000 0.000000 0
Improved center of mass at: 0.000 -1.502 1.746
Hits: 80 0 Before
Hits: 80 80 Between
Distance Threshold was raised to 10.000
Hits: 80 0 After
-1.181900 1.162122 to -1.182000 1.162022
Runs since last change: 0
366
Distance Threshold is set to:   6.341 +  10.000 !
Nr.     284 is marked as the closest CA!
  90 Hits were found! -6
-1.182000 1.162022 to 0.000000 0.000000 0
Improved center of mass at: 0.000 -1.263 1.164
Hits: 90 0 Before
Hits: 90 90 Between
Hits: 90 90 After
-1.182000 1.162022 to -1.262834 1.163711
Runs since last change: 0
366
Distance Threshold is set to:   6.281 +   6.000 !
Nr.     284 is marked as the closest CA!
  47 Hits were found! -5
-1.262834 1.163711 to 0.000000 0.000000 0
Improved center of mass at: 0.000 -3.030 1.916
Hits: 47 90 Before
Hits: 47 90 Between
Distance Threshold was raised to 7.000
Hits: 47 0 After
-1.262734 1.163811 to -1.262834 1.163711
Runs since last change: 0
366
Distance Threshold is set to:   6.281 +   7.000 !
Nr.     284 is marked as the closest CA!
  57 Hits were found! -6
-1.262834 1.163711 to 0.000000 0.000000 0
Improved center of mass at: 0.000 -2.477 2.385
Hits: 57 0 Before
Hits: 57 57 Between
Distance Threshold was raised to 8.000
Hits: 57 0 After
-1.262734 1.163811 to -1.262834 1.163711
Runs since last change: 0
366
Distance Threshold is set to:   6.281 +   8.000 !
Nr.     284 is marked as the closest CA!
  73 Hits were found! -7
-1.262834 1.163711 to 0.000000 0.000000 0
Improved center of mass at: 0.000 -2.021 2.091
Hits: 73 0 Before
Hits: 73 73 Between
Distance Threshold was raised to 9.000
Hits: 73 0 After
-1.262734 1.163811 to -1.262834 1.163711
Runs since last change: 0
366
Distance Threshold is set to:   6.281 +   9.000 !
Nr.     284 is marked as the closest CA!
  80 Hits were found! -8
-1.262834 1.163711 to 0.000000 0.000000 0
Improved center of mass at: 0.000 -1.502 1.746
Hits: 80 0 Before
Hits: 80 80 Between
Distance Threshold was raised to 10.000
Hits: 80 0 After
-1.262734 1.163811 to -1.262834 1.163711
Runs since last change: 0
366
Distance Threshold is set to:   6.281 +  10.000 !
Nr.     284 is marked as the closest CA!
  88 Hits were found! -9
-1.262834 1.163711 to 0.000000 0.000000 0
Improved center of mass at: 0.000 -1.561 1.103
Hits: 88 0 Before
Hits: 88 88 Between
Hits: 88 88 After
-1.262834 1.163711 to -1.561296 1.102830
Runs since last change: 0
366
Distance Threshold is set to:   6.109 +   6.000 !
Nr.     284 is marked as the closest CA!
  45 Hits were found! -8
-1.561296 1.102830 to 0.000000 0.000000 0
Improved center of mass at: 0.000 -2.992 1.569
Hits: 45 88 Before
Hits: 45 88 Between
Distance Threshold was raised to 7.000
Hits: 45 0 After
-1.561196 1.102930 to -1.561296 1.102830
Runs since last change: 0
366
Distance Threshold is set to:   6.109 +   7.000 !
Nr.     284 is marked as the closest CA!
  56 Hits were found! -9
-1.561296 1.102830 to 0.000000 0.000000 0
Improved center of mass at: 0.000 -2.311 2.298
Hits: 56 0 Before
Hits: 56 56 Between
Distance Threshold was raised to 8.000
Hits: 56 0 After
-1.561196 1.102930 to -1.561296 1.102830
Runs since last change: 0
366
Distance Threshold is set to:   6.109 +   8.000 !
Nr.     284 is marked as the closest CA!
  69 Hits were found! -10
-1.561296 1.102830 to 0.000000 0.000000 0
Improved center of mass at: 0.000 -2.275 1.817
Hits: 69 0 Before
Hits: 69 69 Between
Distance Threshold was raised to 9.000
Hits: 69 0 After
-1.561196 1.102930 to -1.561296 1.102830
Runs since last change: 0
366
Distance Threshold is set to:   6.109 +   9.000 !
Nr.     284 is marked as the closest CA!
  76 Hits were found! -11
-1.561296 1.102830 to 0.000000 0.000000 0
Improved center of mass at: 0.000 -1.891 1.995
Hits: 76 0 Before
Hits: 76 76 Between
Distance Threshold was raised to 10.000
Hits: 76 0 After
-1.561196 1.102930 to -1.561296 1.102830
Runs since last change: 0
366
Distance Threshold is set to:   6.109 +  10.000 !
Nr.     284 is marked as the closest CA!
  85 Hits were found! -12
-1.561296 1.102830 to 0.000000 0.000000 0
Improved center of mass at: 0.000 -1.715 1.301
Hits: 85 0 Before
Hits: 85 85 Between
Hits: 85 85 After
-1.561296 1.102830 to -1.715389 1.301494
Runs since last change: 0
366
Distance Threshold is set to:   5.860 +   6.000 !
Nr.     284 is marked as the closest CA!
  40 Hits were found! -11
-1.715389 1.301494 to 0.000000 0.000000 0
Improved center of mass at: 0.000 -3.838 3.061
Hits: 40 85 Before
Hits: 40 85 Between
Distance Threshold was raised to 7.000
Hits: 40 0 After
-1.715289 1.301594 to -1.715389 1.301494
Runs since last change: 0
366
Distance Threshold is set to:   5.860 +   7.000 !
Nr.     284 is marked as the closest CA!
  53 Hits were found! -12
-1.715389 1.301494 to 0.000000 0.000000 0
Improved center of mass at: 0.000 -3.329 2.515
Hits: 53 0 Before
Hits: 53 53 Between
Distance Threshold was raised to 8.000
Hits: 53 0 After
-1.715289 1.301594 to -1.715389 1.301494
Runs since last change: 0
366
Distance Threshold is set to:   5.860 +   8.000 !
Nr.     284 is marked as the closest CA!
  66 Hits were found! -13
-1.715389 1.301494 to 0.000000 0.000000 0
Improved center of mass at: 0.000 -2.968 2.572
Hits: 66 0 Before
Hits: 66 66 Between
Distance Threshold was raised to 9.000
Hits: 66 0 After
-1.715289 1.301594 to -1.715389 1.301494
Runs since last change: 0
366
Distance Threshold is set to:   5.860 +   9.000 !
Nr.     284 is marked as the closest CA!
  74 Hits were found! -14
-1.715389 1.301494 to 0.000000 0.000000 0
Improved center of mass at: 0.000 -2.066 2.273
Hits: 74 0 Before
Hits: 74 74 Between
Distance Threshold was raised to 10.000
Hits: 74 0 After
-1.715289 1.301594 to -1.715389 1.301494
Runs since last change: 0
366
Distance Threshold is set to:   5.860 +  10.000 !
Nr.     284 is marked as the closest CA!
  85 Hits were found! -15
-1.715389 1.301494 to 0.000000 0.000000 0
Improved center of mass at: 0.000 -1.935 1.535
Hits: 85 0 Before
Hits: 85 85 Between
Distance Threshold was raised to 11.000
Hits: 85 0 After
-1.715289 1.301594 to -1.715389 1.301494
Runs since last change: 0
366
Distance Threshold is set to:   5.860 +  11.000 !
Nr.     284 is marked as the closest CA!
  95 Hits were found! -16
-1.715389 1.301494 to 0.000000 0.000000 0
Improved center of mass at: 0.000 -2.040 1.178
Hits: 95 0 Before
Hits: 95 95 Between
Hits: 95 95 After
-1.715389 1.301494 to -2.039927 1.178126
Runs since last change: 0
366
Distance Threshold is set to:   5.727 +   6.000 !
Nr.     284 is marked as the closest CA!
  39 Hits were found! -15
-2.039927 1.178126 to 0.000000 0.000000 0
Improved center of mass at: 0.000 -4.189 2.799
Hits: 39 95 Before
Hits: 39 95 Between
Distance Threshold was raised to 7.000
Hits: 39 0 After
-2.039827 1.178226 to -2.039927 1.178126
Runs since last change: 0
366
Distance Threshold is set to:   5.727 +   7.000 !
Nr.     284 is marked as the closest CA!
  50 Hits were found! -16
-2.039927 1.178126 to 0.000000 0.000000 0
Improved center of mass at: 0.000 -3.360 2.019
Hits: 50 0 Before
Hits: 50 50 Between
Distance Threshold was raised to 8.000
Hits: 50 0 After
-2.039827 1.178226 to -2.039927 1.178126
Runs since last change: 0
366
Distance Threshold is set to:   5.727 +   8.000 !
Nr.     284 is marked as the closest CA!
  63 Hits were found! -17
-2.039927 1.178126 to 0.000000 0.000000 0
Improved center of mass at: 0.000 -3.190 2.635
Hits: 63 0 Before
Hits: 63 63 Between
Distance Threshold was raised to 9.000
Hits: 63 0 After
-2.039827 1.178226 to -2.039927 1.178126
Runs since last change: 0
366
Distance Threshold is set to:   5.727 +   9.000 !
Nr.     284 is marked as the closest CA!
  72 Hits were found! -18
-2.039927 1.178126 to 0.000000 0.000000 0
Improved center of mass at: 0.000 -2.097 2.099
Hits: 72 0 Before
Hits: 72 72 Between
Distance Threshold was raised to 10.000
Hits: 72 0 After
-2.039827 1.178226 to -2.039927 1.178126
Runs since last change: 0
366
Distance Threshold is set to:   5.727 +  10.000 !
Nr.     284 is marked as the closest CA!
  80 Hits were found! -19
-2.039927 1.178126 to 0.000000 0.000000 0
Improved center of mass at: 0.000 -2.376 1.741
Hits: 80 0 Before
Hits: 80 80 Between
Distance Threshold was raised to 11.000
Hits: 80 0 After
-2.039827 1.178226 to -2.039927 1.178126
Runs since last change: 0
366
Distance Threshold is set to:   5.727 +  11.000 !
Nr.     284 is marked as the closest CA!
  89 Hits were found! -20
-2.039927 1.178126 to 0.000000 0.000000 0
Improved center of mass at: 0.000 -2.649 1.214
Hits: 89 0 Before
Hits: 89 89 Between
Distance Threshold was raised to 12.000
Hits: 89 0 After
-2.039827 1.178226 to -2.039927 1.178126
Runs since last change: 0
366
Distance Threshold is set to:   5.727 +  12.000 !
Nr.     284 is marked as the closest CA!
  96 Hits were found! -21
-2.039927 1.178126 to 0.000000 0.000000 0
Improved center of mass at: 0.000 -1.800 0.766
Hits: 96 0 Before
Hits: 96 96 Between
Hits: 96 96 After
-2.039927 1.178126 to -1.799823 0.766240
Runs since last change: 0
366
Distance Threshold is set to:   6.195 +   6.000 !
Nr.     284 is marked as the closest CA!
  47 Hits were found! -20
-1.799823 0.766240 to 0.000000 0.000000 0
Improved center of mass at: 0.000 -3.161 1.174
Hits: 47 96 Before
Hits: 47 96 Between
Distance Threshold was raised to 7.000
Hits: 47 0 After
-1.799723 0.766340 to -1.799823 0.766240
Runs since last change: 0
366
Distance Threshold is set to:   6.195 +   7.000 !
Nr.     284 is marked as the closest CA!
  55 Hits were found! -21
-1.799823 0.766240 to 0.000000 0.000000 0
Improved center of mass at: 0.000 -2.749 1.683
Hits: 55 0 Before
Hits: 55 55 Between
Distance Threshold was raised to 8.000
Hits: 55 0 After
-1.799723 0.766340 to -1.799823 0.766240
Runs since last change: 0
366
Distance Threshold is set to:   6.195 +   8.000 !
Nr.     284 is marked as the closest CA!
  70 Hits were found! -22
-1.799823 0.766240 to 0.000000 0.000000 0
Improved center of mass at: 0.000 -2.155 1.805
Hits: 70 0 Before
Hits: 70 70 Between
Distance Threshold was raised to 9.000
Hits: 70 0 After
-1.799723 0.766340 to -1.799823 0.766240
Runs since last change: 0
366
Distance Threshold is set to:   6.195 +   9.000 !
Nr.     284 is marked as the closest CA!
  78 Hits were found! -23
-1.799823 0.766240 to 0.000000 0.000000 0
Improved center of mass at: 0.000 -2.164 1.483
Hits: 78 0 Before
Hits: 78 78 Between
Distance Threshold was raised to 10.000
Hits: 78 0 After
-1.799723 0.766340 to -1.799823 0.766240
Runs since last change: 0
366
Distance Threshold is set to:   6.195 +  10.000 !
Nr.     284 is marked as the closest CA!
  87 Hits were found! -24
-1.799823 0.766240 to 0.000000 0.000000 0
Improved center of mass at: 0.000 -2.067 0.984
Hits: 87 0 Before
Hits: 87 87 Between
Distance Threshold was raised to 11.000
Hits: 87 0 After
-1.799723 0.766340 to -1.799823 0.766240
Runs since last change: 0
366
Distance Threshold is set to:   6.195 +  11.000 !
Nr.     284 is marked as the closest CA!
  96 Hits were found! -25
-1.799823 0.766240 to 0.000000 0.000000 0
Improved center of mass at: 0.000 -1.876 0.678
Hits: 96 0 Before
Hits: 96 96 Between
Hits: 96 96 After
-1.799823 0.766240 to -1.875864 0.678188
Runs since last change: 0
366
Distance Threshold is set to:   6.213 +   6.000 !
Nr.     284 is marked as the closest CA!
  47 Hits were found! -24
-1.875864 0.678188 to 0.000000 0.000000 0
Improved center of mass at: 0.000 -3.161 1.174
Hits: 47 96 Before
Hits: 47 96 Between
Distance Threshold was raised to 7.000
Hits: 47 0 After
-1.875764 0.678288 to -1.875864 0.678188
Runs since last change: 0
366
Distance Threshold is set to:   6.213 +   7.000 !
Nr.     284 is marked as the closest CA!
  54 Hits were found! -25
-1.875864 0.678188 to 0.000000 0.000000 0
Improved center of mass at: 0.000 -2.919 1.509
Hits: 54 0 Before
Hits: 54 54 Between
Distance Threshold was raised to 8.000
Hits: 54 0 After
-1.875764 0.678288 to -1.875864 0.678188
Runs since last change: 0
366
Distance Threshold is set to:   6.213 +   8.000 !
Nr.     284 is marked as the closest CA!
  69 Hits were found! -26
-1.875864 0.678188 to 0.000000 0.000000 0
Improved center of mass at: 0.000 -2.117 1.620
Hits: 69 0 Before
Hits: 69 69 Between
Distance Threshold was raised to 9.000
Hits: 69 0 After
-1.875764 0.678288 to -1.875864 0.678188
Runs since last change: 0
366
Distance Threshold is set to:   6.213 +   9.000 !
Nr.     284 is marked as the closest CA!
  78 Hits were found! -27
-1.875864 0.678188 to 0.000000 0.000000 0
Improved center of mass at: 0.000 -2.285 1.193
Hits: 78 0 Before
Hits: 78 78 Between
Distance Threshold was raised to 10.000
Hits: 78 0 After
-1.875764 0.678288 to -1.875864 0.678188
Runs since last change: 0
366
Distance Threshold is set to:   6.213 +  10.000 !
Nr.     284 is marked as the closest CA!
  87 Hits were found! -28
-1.875864 0.678188 to 0.000000 0.000000 0
Improved center of mass at: 0.000 -2.067 0.984
Hits: 87 0 Before
Hits: 87 87 Between
Distance Threshold was raised to 11.000
Hits: 87 0 After
-1.875764 0.678288 to -1.875864 0.678188
Runs since last change: 0
366
Distance Threshold is set to:   6.213 +  11.000 !
Nr.     284 is marked as the closest CA!
  96 Hits were found! -29
-1.875864 0.678188 to 0.000000 0.000000 0
Improved center of mass at: 0.000 -1.876 0.678
Hits: 96 0 Before
Hits: 96 96 Between
Hits: 96 96 After
-1.875864 0.678188 to -1.875864 0.678188
Runs since last change: 0
test2
MINY -30.632000 MINZ -33.310001 COMY -1.875864 COMZ 0.678188 dY 28.756136 dZ 33.988190
